Майкил "Golden" Селим один из шведских игроков, который имеет иракское происхождение. С 2016 года он вытсупает на профессиональной Counter-Strike: Global Offensive сцене. Первой командой для него была visomvet. В августе 2016 попадает в академаю фнатиков. Через год ему удалось пробиться в основной состав Fnatic. Летом 2018 оказывается в рядах Cloud9, в конце года его переводят в инактив. Вернуться он смог лишь в марте 2019, но через три месяца вновь расстается с клаудами. С 17 сентября 2019 выступает на лане за Fnatic, а уже в январе был вновь переведен в основу фнатиков. 8 марта 2022 перешёл в команду Savage. 8 февраля 2023 перешёл в команду VELOX Argentina.

Скачать Golden cfg csgo можно лишь у нас. Скачивание Golden cfg cs go бесплатное, при скачивании голден кфг ксго не надо регистрироваться.