Имя~Майкил Селим (Maikil Selim)
DPI:~400
Частота мыши:~1000Hz
Чувствительность мыши в игре:~2
Чувствительность мыши в зуме:~1
Чувствительность мыши в Windows:~6/11
Ускорение мыши:~0
m_rawinput:~1
Разрешение:~1024 x 768
Соотношение сторон:~4:3
Формат изображения:~Черные полосы
Частота обновления:~240Hz
sharecode~CSGO-RvGde-NQ4ev-xPaKA-xr9SR-5EWzE
st~https://steamcommunity.com/id/GOLDNCSGO/
twitch~https://www.twitch.tv/goldenmajk
tw~https://twitter.com/goldenmajk
in~https://www.instagram.com/goldenmajk/
Команда~VELOX Argentina
Страна~Швеция
